<?php return array (
  'test-event' => 'Spatie\\EventSourcing\\Tests\\TestClasses\\Events\\TestEvent',
);